// Jest Snapshot v1, https://goo.gl/fbAQLP

exports[`it renders 1`] = `
Object {
  "asFragment": [Function],
  "baseElement": <body>
    <div>
      <div
        class="container"
      >
        <img
          alt="logo"
          class="w-40 cursor-pointer"
          src="images/icons/logo.png"
        />
        <div
          class="flex mt-8"
        >
          <svgrurl
            class="icon"
          />
          <svgrurl
            class="icon"
          />
          <svgrurl
            class="icon"
          />
        </div>
        <div
          class="links"
        >
          <p
            class="mx-4"
          >
            ABOUT
          </p>
          <p
            class="mx-4"
          >
            CONTACT
          </p>
          <p
            class="mx-4"
          >
            TERM OF USE
          </p>
          <p
            class="mx-4"
          >
            HELP
          </p>
          <p
            class="mx-4"
          >
            FAQ
          </p>
          <p
            class="mx-4"
          >
            PRIVACY POLICY
          </p>
        </div>
        <span
          class="legal"
        >
          © 2020 Playtwin™ | ® All rights reserved.
        </span>
      </div>
    </div>
  </body>,
  "container": <div>
    <div
      class="container"
    >
      <img
        alt="logo"
        class="w-40 cursor-pointer"
        src="images/icons/logo.png"
      />
      <div
        class="flex mt-8"
      >
        <svgrurl
          class="icon"
        />
        <svgrurl
          class="icon"
        />
        <svgrurl
          class="icon"
        />
      </div>
      <div
        class="links"
      >
        <p
          class="mx-4"
        >
          ABOUT
        </p>
        <p
          class="mx-4"
        >
          CONTACT
        </p>
        <p
          class="mx-4"
        >
          TERM OF USE
        </p>
        <p
          class="mx-4"
        >
          HELP
        </p>
        <p
          class="mx-4"
        >
          FAQ
        </p>
        <p
          class="mx-4"
        >
          PRIVACY POLICY
        </p>
      </div>
      <span
        class="legal"
      >
        © 2020 Playtwin™ | ® All rights reserved.
      </span>
    </div>
  </div>,
  "debug": [Function],
  "findAllByAltText": [Function],
  "findAllByDisplayValue": [Function],
  "findAllByLabelText": [Function],
  "findAllByPlaceholderText": [Function],
  "findAllByRole": [Function],
  "findAllByTestId": [Function],
  "findAllByText": [Function],
  "findAllByTitle": [Function],
  "findByAltText": [Function],
  "findByDisplayValue": [Function],
  "findByLabelText": [Function],
  "findByPlaceholderText": [Function],
  "findByRole": [Function],
  "findByTestId": [Function],
  "findByText": [Function],
  "findByTitle": [Function],
  "getAllByAltText": [Function],
  "getAllByDisplayValue": [Function],
  "getAllByLabelText": [Function],
  "getAllByPlaceholderText": [Function],
  "getAllByRole": [Function],
  "getAllByTestId": [Function],
  "getAllByText": [Function],
  "getAllByTitle": [Function],
  "getByAltText": [Function],
  "getByDisplayValue": [Function],
  "getByLabelText": [Function],
  "getByPlaceholderText": [Function],
  "getByRole": [Function],
  "getByTestId": [Function],
  "getByText": [Function],
  "getByTitle": [Function],
  "queryAllByAltText": [Function],
  "queryAllByDisplayValue": [Function],
  "queryAllByLabelText": [Function],
  "queryAllByPlaceholderText": [Function],
  "queryAllByRole": [Function],
  "queryAllByTestId": [Function],
  "queryAllByText": [Function],
  "queryAllByTitle": [Function],
  "queryByAltText": [Function],
  "queryByDisplayValue": [Function],
  "queryByLabelText": [Function],
  "queryByPlaceholderText": [Function],
  "queryByRole": [Function],
  "queryByTestId": [Function],
  "queryByText": [Function],
  "queryByTitle": [Function],
  "rerender": [Function],
  "unmount": [Function],
}
`;
